// Jest Snapshot v1, https://goo.gl/fbAQLP

exports[`Pruebas en <FirstApp /> debe de hacer match con el snapshot 1`] = `
<div>
  <h1
    data-testid="test-title"
  >
     
    Hola, Soy Goku
     
  </h1>
  <h1>
    Hola mundo
  </h1>
  <h1>
    {"nombre":"Arekkasu","edad":26}
  </h1>
  <h1>
    First app
  </h1>
</div>
`;
